#-----------------------------------------------------------
# Vivado v2019.2 (64-bit)
# SW Build 2708876 on Wed Nov  6 21:40:23 MST 2019
# IP Build 2700528 on Thu Nov  7 00:09:20 MST 2019
# Start of session at: Thu Nov 24 17:19:03 2022
# Process ID: 16592
# Current directory: C:/Vivado_project/RISC_V_decoder
# Command line: vivado.exe -gui_launcher_event rodinguilauncherevent10544 C:\Vivado_project\RISC_V_decoder\RISC_V_decoder.xpr
# Log file: C:/Vivado_project/RISC_V_decoder/vivado.log
# Journal file: C:/Vivado_project/RISC_V_decoder\vivado.jou
#-----------------------------------------------------------
start_gui
open_project C:/Vivado_project/RISC_V_decoder/RISC_V_decoder.xpr
update_compile_order -fileset sources_1
update_compile_order -fileset sources_1
launch_simulation
source tb_decoder_riscv_obf.tcl
run 10 us
run 10 us
relaunch_sim
run 10 us
run 10 us
relaunch_sim
run 10 us
run 10 us
close_sim
reset_run synth_1
launch_runs synth_1 -jobs 12
wait_on_run synth_1
launch_simulation
source tb_decoder_riscv_obf.tcl
run 10 us
run 10 us
close_sim
